# Carte générée par l'éditeur simpliste
10 100 1000
# ligne 0
TERRE_ARABLE 100
TERRE_ARABLE 100
TERRE_ARABLE 100
PATURAGE 100
PATURAGE 100
PATURAGE 100
PATURAGE 100
PATURAGE 100
PATURAGE 100
PATURAGE 100
PATURAGE 100
PATURAGE 100
PATURAGE 100
PATURAGE 100
PATURAGE 100
PATURAGE 100
PATURAGE 100
PATURAGE 100
PATURAGE 100
TERRE_ARABLE 100
TERRE_ARABLE 100
TERRE_ARABLE 100
TERRE_ARABLE 100
TERRE_ARABLE 100
TERRE_ARABLE 100
TERRE_ARABLE 100
TERRE_ARABLE 100
TERRE_ARABLE 100
TERRE_ARABLE 100
TERRE_ARABLE 100
CULTURE_PERMANENTE 100
CULTURE_PERMANENTE 100
CULTURE_PERMANENTE 100
CULTURE_PERMANENTE 100
CULTURE_PERMANENTE 100
CULTURE_PERMANENTE 100
CULTURE_PERMANENTE 100
CULTURE_PERMANENTE 100
CULTURE_PERMANENTE 100
CULTURE_PERMANENTE 100
CULTURE_PERMANENTE 100
CULTURE_PERMANENTE 100
CULTURE_PERMANENTE 100
CULTURE_PERMANENTE 100
CULTURE_PERMANENTE 100
CULTURE_PERMANENTE 100
CULTURE_PERMANENTE 100
CULTURE_PERMANENTE 100
CULTURE_PERMANENTE 100
CULTURE_PERMANENTE 100
CULTURE_PERMANENTE 100
CULTURE_PERMANENTE 100
TERRE_ARABLE 100
TERRE_ARABLE 100
TERRE_ARABLE 100
TERRE_ARABLE 100
TERRE_ARABLE 100
TERRE_ARABLE 100
TERRE_ARABLE 100
TERRE_ARABLE 100
TERRE_ARABLE 100
TERRE_ARABLE 100
TERRE_ARABLE 100
FORET 100
FORET 100
FORET 100
FORET 100
FORET 100
FORET 100
FORET 100
FORET 100
FORET 100
FORET 100
FORET 100
FORET 100
FORET 100
FORET 100
FORET 100
FORET 100
FORET 100
FORET 100
FORET 100
FORET 100
FORET 100
FORET 100
FORET 100
FORET 100
FORET 100
FORET 100
FORET 100
FORET 100
FORET 100
FORET 100
FORET 100
FORET 100
FORET 100
FORET 100
FORET 100
FORET 100
FORET 100
# ligne 1
TERRE_ARABLE 100
TERRE_ARABLE 100
PATURAGE 100
PATURAGE 100
PATURAGE 100
PATURAGE 100
PATURAGE 100
PATURAGE 100
PATURAGE 100
PATURAGE 100
PATURAGE 100
PATURAGE 100
PATURAGE 100
PATURAGE 100
PATURAGE 100
PATURAGE 100
PATURAGE 100
PATURAGE 100
PATURAGE 100
TERRE_ARABLE 100
TERRE_ARABLE 100
TERRE_ARABLE 100
TERRE_ARABLE 100
TERRE_ARABLE 100
FORET 100
FORET 100
FORET 100
TERRE_ARABLE 100
TERRE_ARABLE 100
TERRE_ARABLE 100
TERRE_ARABLE 100
CULTURE_PERMANENTE 100
CULTURE_PERMANENTE 100
CULTURE_PERMANENTE 100
CULTURE_PERMANENTE 100
CULTURE_PERMANENTE 100
CULTURE_PERMANENTE 100
CULTURE_PERMANENTE 100
CULTURE_PERMANENTE 100
CULTURE_PERMANENTE 100
CULTURE_PERMANENTE 100
CULTURE_PERMANENTE 100
CULTURE_PERMANENTE 100
CULTURE_PERMANENTE 100
CULTURE_PERMANENTE 100
CULTURE_PERMANENTE 100
CULTURE_PERMANENTE 100
CULTURE_PERMANENTE 100
CULTURE_PERMANENTE 100
CULTURE_PERMANENTE 100
CULTURE_PERMANENTE 100
CULTURE_PERMANENTE 100
CULTURE_PERMANENTE 100
CULTURE_PERMANENTE 100
CULTURE_PERMANENTE 100
CULTURE_PERMANENTE 100
TERRE_ARABLE 100
TERRE_ARABLE 100
TERRE_ARABLE 100
TERRE_ARABLE 100
FORET 100
FORET 100
FORET 100
FORET 100
TERRE_ARABLE 100
TERRE_ARABLE 100
FORET 100
FORET 100
FORET 100
FORET 100
FORET 100
FORET 100
FORET 100
FORET 100
FORET 100
FORET 100
FORET 100
FORET 100
FORET 100
FORET 100
FORET 100
FORET 100
FORET 100
FORET 100
FORET 100
FORET 100
FORET 100
FORET 100
FORET 100
FORET 100
FORET 100
FORET 100
FORET 100
FORET 100
FORET 100
FORET 100
FORET 100
FORET 100
FORET 100
FORET 100
# ligne 2
TERRE_ARABLE 100
TERRE_ARABLE 100
PATURAGE 100
PATURAGE 100
PATURAGE 100
PATURAGE 100
PATURAGE 100
PATURAGE 100
PATURAGE 100
TERRE_ARABLE 100
TERRE_ARABLE 100
TERRE_ARABLE 100
TERRE_ARABLE 100
TERRE_ARABLE 100
TERRE_ARABLE 100
TERRE_ARABLE 100
TERRE_ARABLE 100
TERRE_ARABLE 100
TERRE_ARABLE 100
TERRE_ARABLE 100
TERRE_ARABLE 100
TERRE_ARABLE 100
TERRE_ARABLE 100
TERRE_ARABLE 100
FORET 100
FORET 100
FORET 100
FORET 100
TERRE_ARABLE 100
TERRE_ARABLE 100
TERRE_ARABLE 100
TERRE_ARABLE 100
TERRE_ARABLE 100
TERRE_ARABLE 100
TERRE_ARABLE 100
TERRE_ARABLE 100
TERRE_HUMIDE 100
TERRE_HUMIDE 100
TERRE_HUMIDE 100
TERRE_HUMIDE 100
TERRE_HUMIDE 100
TERRE_HUMIDE 100
TERRE_HUMIDE 100
TERRE_HUMIDE 100
TERRE_HUMIDE 100
TERRE_HUMIDE 100
TERRE_HUMIDE 100
TERRE_HUMIDE 100
TERRE_HUMIDE 100
TERRE_HUMIDE 100
TERRE_HUMIDE 100
TERRE_HUMIDE 100
TERRE_ARABLE 100
TERRE_ARABLE 100
TERRE_ARABLE 100
TERRE_ARABLE 100
TERRE_ARABLE 100
TERRE_ARABLE 100
TERRE_ARABLE 100
TERRE_ARABLE 100
TERRE_ARABLE 100
TERRE_ARABLE 100
TERRE_ARABLE 100
TERRE_ARABLE 100
TERRE_ARABLE 100
TERRE_ARABLE 100
TERRE_ARABLE 100
TERRE_ARABLE 100
TERRE_ARABLE 100
TERRE_ARABLE 100
TERRE_ARABLE 100
TERRE_ARABLE 100
TERRE_ARABLE 100
TERRE_ARABLE 100
TERRE_ARABLE 100
TERRE_ARABLE 100
TERRE_ARABLE 100
TERRE_ARABLE 100
TERRE_ARABLE 100
TERRE_ARABLE 100
TERRE_ARABLE 100
TERRE_ARABLE 100
TERRE_ARABLE 100
FORET 100
FORET 100
FORET 100
FORET 100
FORET 100
FORET 100
FORET 100
FORET 100
FORET 100
FORET 100
FORET 100
FORET 100
FORET 100
FORET 100
TERRE_ARABLE 100
FORET 100
FORET 100
# ligne 3
TERRE_ARABLE 100
TERRE_ARABLE 100
TERRE_ARABLE 100
TERRE_ARABLE 100
TERRE_ARABLE 100
TERRE_ARABLE 100
TERRE_ARABLE 100
TERRE_ARABLE 100
TERRE_ARABLE 100
TERRE_ARABLE 100
LAC 100
LAC 100
LAC 100
TERRE_ARABLE 100
TERRE_ARABLE 100
TERRE_ARABLE 100
TERRE_ARABLE 100
TERRE_ARABLE 100
COURS_D_EAU 100
COURS_D_EAU 100
COURS_D_EAU 100
COURS_D_EAU 100
TERRE_ARABLE 100
TERRE_ARABLE 100
TERRE_ARABLE 100
TERRE_ARABLE 100
TERRE_ARABLE 100
TERRE_ARABLE 100
TERRE_ARABLE 100
TERRE_ARABLE 100
TERRE_ARABLE 100
TERRE_ARABLE 100
TERRE_ARABLE 100
TERRE_ARABLE 100
TERRE_ARABLE 100
TERRE_HUMIDE 100
TERRE_HUMIDE 100
TERRE_HUMIDE 100
TERRE_HUMIDE 100
TERRE_HUMIDE 100
TERRE_HUMIDE 100
TERRE_HUMIDE 100
TERRE_HUMIDE 100
LAC 100
LAC 100
LAC 100
LAC 100
LAC 100
LAC 100
LAC 100
TERRE_HUMIDE 100
TERRE_HUMIDE 100
TERRE_ARABLE 100
TERRE_ARABLE 100
COURS_D_EAU 100
COURS_D_EAU 100
COURS_D_EAU 100
COURS_D_EAU 100
COURS_D_EAU 100
COURS_D_EAU 100
COURS_D_EAU 100
COURS_D_EAU 100
COURS_D_EAU 100
TERRE_ARABLE 100
TERRE_ARABLE 100
TERRE_ARABLE 100
TERRE_ARABLE 100
TERRE_ARABLE 100
TERRE_ARABLE 100
TERRE_ARABLE 100
TERRE_ARABLE 100
TERRE_ARABLE 100
TERRE_ARABLE 100
TERRE_ARABLE 100
TERRE_ARABLE 100
TERRE_ARABLE 100
TERRE_ARABLE 100
TERRE_ARABLE 100
TERRE_ARABLE 100
TERRE_ARABLE 100
COURS_D_EAU 100
COURS_D_EAU 100
COURS_D_EAU 100
COURS_D_EAU 100
COURS_D_EAU 100
COURS_D_EAU 100
COURS_D_EAU 100
COURS_D_EAU 100
COURS_D_EAU 100
COURS_D_EAU 100
FORET 100
FORET 100
FORET 100
FORET 100
FORET 100
FORET 100
FORET 100
FORET 100
FORET 100
FORET 100
# ligne 4
TERRE_ARABLE 100
TERRE_ARABLE 100
TERRE_ARABLE 100
TERRE_ARABLE 100
TERRE_ARABLE 100
COURS_D_EAU 100
COURS_D_EAU 100
COURS_D_EAU 100
COURS_D_EAU 100
COURS_D_EAU 100
LAC 100
LAC 100
LAC 100
LAC 100
COURS_D_EAU 100
COURS_D_EAU 100
COURS_D_EAU 100
COURS_D_EAU 100
COURS_D_EAU 100
TERRE_ARABLE 100
TERRE_ARABLE 100
COURS_D_EAU 100
COURS_D_EAU 100
COURS_D_EAU 100
TERRE_ARABLE 100
TERRE_ARABLE 100
TERRE_ARABLE 100
TERRE_ARABLE 100
TERRE_ARABLE 100
TERRE_ARABLE 100
TERRE_ARABLE 100
TERRE_ARABLE 100
TERRE_HUMIDE 100
TERRE_HUMIDE 100
TERRE_HUMIDE 100
TERRE_HUMIDE 100
TERRE_HUMIDE 100
TERRE_HUMIDE 100
COURS_D_EAU 100
COURS_D_EAU 100
COURS_D_EAU 100
COURS_D_EAU 100
COURS_D_EAU 100
LAC 100
LAC 100
LAC 100
LAC 100
LAC 100
LAC 100
LAC 100
COURS_D_EAU 100
COURS_D_EAU 100
COURS_D_EAU 100
COURS_D_EAU 100
COURS_D_EAU 100
TERRE_ARABLE 100
TERRE_ARABLE 100
TERRE_ARABLE 100
TERRE_ARABLE 100
TERRE_ARABLE 100
TERRE_ARABLE 100
TERRE_ARABLE 100
COURS_D_EAU 100
COURS_D_EAU 100
COURS_D_EAU 100
COURS_D_EAU 100
COURS_D_EAU 100
TERRE_ARABLE 100
TERRE_ARABLE 100
TERRE_ARABLE 100
LAC 100
LAC 100
LAC 100
LAC 100
TERRE_ARABLE 100
TERRE_ARABLE 100
TERRE_ARABLE 100
COURS_D_EAU 100
COURS_D_EAU 100
COURS_D_EAU 100
COURS_D_EAU 100
TERRE_ARABLE 100
PATURAGE 100
PATURAGE 100
PATURAGE 100
PATURAGE 100
TERRE_ARABLE 100
TERRE_ARABLE 100
TERRE_ARABLE 100
COURS_D_EAU 100
COURS_D_EAU 100
COURS_D_EAU 100
COURS_D_EAU 100
TERRE_ARABLE 100
TERRE_ARABLE 100
TERRE_ARABLE 100
TERRE_ARABLE 100
FORET 100
FORET 100
FORET 100
# ligne 5
COURS_D_EAU 100
COURS_D_EAU 100
COURS_D_EAU 100
COURS_D_EAU 100
COURS_D_EAU 100
COURS_D_EAU 100
TERRE_ARABLE 100
TERRE_ARABLE 100
TERRE_ARABLE 100
TERRE_ARABLE 100
TERRE_ARABLE 100
TERRE_ARABLE 100
TERRE_ARABLE 100
TERRE_ARABLE 100
TERRE_ARABLE 100
TERRE_ARABLE 100
TERRE_ARABLE 100
TERRE_ARABLE 100
TERRE_ARABLE 100
TERRE_ARABLE 100
TERRE_ARABLE 100
TERRE_ARABLE 100
TERRE_ARABLE 100
TERRE_ARABLE 100
COURS_D_EAU 100
COURS_D_EAU 100
COURS_D_EAU 100
COURS_D_EAU 100
TERRE_ARABLE 100
TERRE_ARABLE 100
TERRE_ARABLE 100
COURS_D_EAU 100
COURS_D_EAU 100
COURS_D_EAU 100
COURS_D_EAU 100
COURS_D_EAU 100
COURS_D_EAU 100
COURS_D_EAU 100
COURS_D_EAU 100
TERRE_HUMIDE 100
TERRE_HUMIDE 100
TERRE_HUMIDE 100
TERRE_HUMIDE 100
LAC 100
LAC 100
LAC 100
LAC 100
LAC 100
LAC 100
LAC 100
TERRE_ARABLE 100
TERRE_ARABLE 100
TERRE_ARABLE 100
TERRE_ARABLE 100
TERRE_ARABLE 100
TERRE_ARABLE 100
TERRE_ARABLE 100
TERRE_ARABLE 100
TERRE_ARABLE 100
TERRE_ARABLE 100
TERRE_ARABLE 100
TERRE_ARABLE 100
TERRE_ARABLE 100
TERRE_ARABLE 100
TERRE_ARABLE 100
TERRE_ARABLE 100
COURS_D_EAU 100
COURS_D_EAU 100
COURS_D_EAU 100
COURS_D_EAU 100
LAC 100
LAC 100
LAC 100
LAC 100
COURS_D_EAU 100
COURS_D_EAU 100
COURS_D_EAU 100
COURS_D_EAU 100
TERRE_ARABLE 100
TERRE_ARABLE 100
PATURAGE 100
PATURAGE 100
PATURAGE 100
PATURAGE 100
PATURAGE 100
PATURAGE 100
TERRE_ARABLE 100
TERRE_ARABLE 100
TERRE_ARABLE 100
TERRE_ARABLE 100
TERRE_ARABLE 100
TERRE_ARABLE 100
COURS_D_EAU 100
COURS_D_EAU 100
COURS_D_EAU 100
COURS_D_EAU 100
COURS_D_EAU 100
TERRE_ARABLE 100
TERRE_ARABLE 100
TERRE_ARABLE 100
# ligne 6
TERRE_ARABLE 100
TERRE_ARABLE 100
TERRE_ARABLE 100
TERRE_ARABLE 100
TERRE_ARABLE 100
TERRE_ARABLE 100
TERRE_ARABLE 100
TERRE_ARABLE 100
TERRE_ARABLE 100
TERRE_ARABLE 100
TERRE_ARABLE 100
TERRE_ARABLE 100
PATURAGE 100
PATURAGE 100
PATURAGE 100
TERRE_ARABLE 100
TERRE_ARABLE 100
PATURAGE 100
PATURAGE 100
PATURAGE 100
TERRE_ARABLE 100
TERRE_ARABLE 100
TERRE_ARABLE 100
TERRE_ARABLE 100
TERRE_ARABLE 100
TERRE_ARABLE 100
TERRE_ARABLE 100
COURS_D_EAU 100
COURS_D_EAU 100
COURS_D_EAU 100
COURS_D_EAU 100
COURS_D_EAU 100
TERRE_HUMIDE 100
TERRE_HUMIDE 100
TERRE_HUMIDE 100
TERRE_HUMIDE 100
TERRE_HUMIDE 100
TERRE_HUMIDE 100
TERRE_HUMIDE 100
TERRE_HUMIDE 100
TERRE_HUMIDE 100
TERRE_HUMIDE 100
TERRE_HUMIDE 100
TERRE_HUMIDE 100
TERRE_HUMIDE 100
TERRE_HUMIDE 100
FORET 100
FORET 100
TERRE_ARABLE 100
TERRE_ARABLE 100
FORET 100
FORET 100
FORET 100
TERRE_ARABLE 100
TERRE_ARABLE 100
TERRE_ARABLE 100
TERRE_ARABLE 100
TERRE_ARABLE 100
TERRE_ARABLE 100
TERRE_ARABLE 100
TERRE_ARABLE 100
TERRE_ARABLE 100
TERRE_ARABLE 100
FORET 100
FORET 100
FORET 100
TERRE_ARABLE 100
TERRE_ARABLE 100
TERRE_ARABLE 100
TERRE_ARABLE 100
TERRE_ARABLE 100
TERRE_ARABLE 100
TERRE_ARABLE 100
TERRE_ARABLE 100
TERRE_ARABLE 100
TERRE_ARABLE 100
TERRE_ARABLE 100
TERRE_ARABLE 100
TERRE_ARABLE 100
PATURAGE 100
PATURAGE 100
PATURAGE 100
PATURAGE 100
PATURAGE 100
PATURAGE 100
PATURAGE 100
PATURAGE 100
PATURAGE 100
PATURAGE 100
PATURAGE 100
TERRE_ARABLE 100
TERRE_ARABLE 100
TERRE_ARABLE 100
TERRE_ARABLE 100
TERRE_ARABLE 100
TERRE_ARABLE 100
COURS_D_EAU 100
COURS_D_EAU 100
COURS_D_EAU 100
COURS_D_EAU 100
# ligne 7
TERRE_ARABLE 100
TERRE_ARABLE 100
TERRE_ARABLE 100
PATURAGE 100
PATURAGE 100
PATURAGE 100
PATURAGE 100
PATURAGE 100
PATURAGE 100
TERRE_ARABLE 100
TERRE_ARABLE 100
PATURAGE 100
PATURAGE 100
PATURAGE 100
PATURAGE 100
PATURAGE 100
PATURAGE 100
PATURAGE 100
PATURAGE 100
PATURAGE 100
PATURAGE 100
PATURAGE 100
PATURAGE 100
PATURAGE 100
TERRE_ARABLE 100
TERRE_ARABLE 100
TERRE_ARABLE 100
TERRE_ARABLE 100
TERRE_ARABLE 100
TERRE_ARABLE 100
TERRE_HUMIDE 100
TERRE_HUMIDE 100
TERRE_HUMIDE 100
TERRE_HUMIDE 100
TERRE_HUMIDE 100
TERRE_HUMIDE 100
TERRE_HUMIDE 100
TERRE_HUMIDE 100
TERRE_HUMIDE 100
TERRE_HUMIDE 100
FORET 100
FORET 100
TERRE_ARABLE 100
TERRE_ARABLE 100
FORET 100
FORET 100
FORET 100
FORET 100
FORET 100
FORET 100
FORET 100
FORET 100
FORET 100
FORET 100
FORET 100
FORET 100
FORET 100
FORET 100
FORET 100
FORET 100
TERRE_ARABLE 100
TERRE_ARABLE 100
TERRE_ARABLE 100
FORET 100
FORET 100
FORET 100
TERRE_ARABLE 100
FORET 100
FORET 100
FORET 100
TERRE_ARABLE 100
TERRE_ARABLE 100
TERRE_ARABLE 100
TERRE_ARABLE 100
TERRE_ARABLE 100
TERRE_ARABLE 100
TERRE_ARABLE 100
TERRE_ARABLE 100
PATURAGE 100
PATURAGE 100
PATURAGE 100
PATURAGE 100
PATURAGE 100
PATURAGE 100
PATURAGE 100
PATURAGE 100
PATURAGE 100
PATURAGE 100
PATURAGE 100
PATURAGE 100
PATURAGE 100
PATURAGE 100
TERRE_ARABLE 100
TERRE_ARABLE 100
FORET 100
FORET 100
FORET 100
TERRE_ARABLE 100
TERRE_ARABLE 100
TERRE_ARABLE 100
# ligne 8
TERRE_ARABLE 100
TERRE_ARABLE 100
PATURAGE 100
PATURAGE 100
PATURAGE 100
PATURAGE 100
PATURAGE 100
PATURAGE 100
PATURAGE 100
PATURAGE 100
PATURAGE 100
PATURAGE 100
PATURAGE 100
PATURAGE 100
PATURAGE 100
PATURAGE 100
PATURAGE 100
PATURAGE 100
PATURAGE 100
PATURAGE 100
PATURAGE 100
PATURAGE 100
PATURAGE 100
PATURAGE 100
PATURAGE 100
PATURAGE 100
PATURAGE 100
TERRE_ARABLE 100
TERRE_ARABLE 100
TERRE_ARABLE 100
TERRE_ARABLE 100
FORET 100
FORET 100
FORET 100
FORET 100
FORET 100
FORET 100
FORET 100
FORET 100
FORET 100
FORET 100
FORET 100
FORET 100
FORET 100
FORET 100
FORET 100
FORET 100
FORET 100
FORET 100
FORET 100
FORET 100
FORET 100
FORET 100
FORET 100
FORET 100
FORET 100
FORET 100
FORET 100
FORET 100
FORET 100
FORET 100
FORET 100
FORET 100
FORET 100
FORET 100
FORET 100
FORET 100
FORET 100
TERRE_ARABLE 100
TERRE_ARABLE 100
TERRE_ARABLE 100
TERRE_ARABLE 100
TERRE_ARABLE 100
TERRE_ARABLE 100
TERRE_ARABLE 100
TERRE_ARABLE 100
TERRE_ARABLE 100
PATURAGE 100
PATURAGE 100
PATURAGE 100
PATURAGE 100
PATURAGE 100
PATURAGE 100
PATURAGE 100
PATURAGE 100
PATURAGE 100
PATURAGE 100
PATURAGE 100
PATURAGE 100
PATURAGE 100
PATURAGE 100
PATURAGE 100
PATURAGE 100
FORET 100
FORET 100
FORET 100
FORET 100
BROUSSAILLES 100
BROUSSAILLES 100
BROUSSAILLES 100
# ligne 9
TERRE_ARABLE 100
PATURAGE 100
PATURAGE 100
PATURAGE 100
PATURAGE 100
TERRE_ARABLE 100
TERRE_ARABLE 100
TERRE_ARABLE 100
TERRE_ARABLE 100
PATURAGE 100
PATURAGE 100
PATURAGE 100
TERRE_ARABLE 100
TERRE_ARABLE 100
PATURAGE 100
PATURAGE 100
PATURAGE 100
TERRE_ARABLE 100
TERRE_ARABLE 100
PATURAGE 100
PATURAGE 100
PATURAGE 100
PATURAGE 100
PATURAGE 100
PATURAGE 100
PATURAGE 100
TERRE_ARABLE 100
TERRE_ARABLE 100
TERRE_ARABLE 100
FORET 100
FORET 100
FORET 100
FORET 100
FORET 100
FORET 100
FORET 100
FORET 100
FORET 100
FORET 100
FORET 100
FORET 100
FORET 100
FORET 100
FORET 100
FORET 100
FORET 100
FORET 100
FORET 100
FORET 100
FORET 100
FORET 100
FORET 100
FORET 100
FORET 100
FORET 100
FORET 100
FORET 100
FORET 100
FORET 100
FORET 100
FORET 100
FORET 100
TERRE_ARABLE 100
FORET 100
FORET 100
FORET 100
TERRE_ARABLE 100
TERRE_ARABLE 100
TERRE_ARABLE 100
TERRE_ARABLE 100
TERRE_ARABLE 100
TERRE_ARABLE 100
TERRE_ARABLE 100
TERRE_ARABLE 100
TERRE_ARABLE 100
TERRE_ARABLE 100
TERRE_ARABLE 100
TERRE_ARABLE 100
TERRE_ARABLE 100
PATURAGE 100
PATURAGE 100
PATURAGE 100
PATURAGE 100
PATURAGE 100
PATURAGE 100
PATURAGE 100
PATURAGE 100
PATURAGE 100
PATURAGE 100
PATURAGE 100
TERRE_ARABLE 100
FORET 100
FORET 100
FORET 100
TERRE_ARABLE 100
BROUSSAILLES 100
BROUSSAILLES 100
BROUSSAILLES 100
BROUSSAILLES 100
BROUSSAILLES 100

# Robots
6
4 19 CHENILLES
4 20 CHENILLES
7 60 DRONE
7 98 DRONE
8 0 ROUES
9 0 PATTES

# Incendies
37
0 63 2
0 64 2
0 91 5
0 92 5
0 93 5
1 24 5
1 25 5
1 26 5
1 60 2
1 61 2
1 62 2
1 63 2
1 91 5
1 92 5
1 93 5
2 24 5
2 25 5
2 26 5
2 27 5
6 63 5
6 64 5
6 65 5
7 63 5
7 64 5
7 65 5
7 94 5
7 95 5
7 96 5
8 93 5
8 94 5
8 95 5
8 96 5
9 33 2
9 34 2
9 91 5
9 92 5
9 93 5
