# Carte générée par l'éditeur simpliste
20 20 100
# ligne 0
FORET 100
FORET 100
TERRE_ARABLE 100
TERRE_ARABLE 100
TERRE_ARABLE 100
TERRE_ARABLE 100
TERRE_ARABLE 100
TERRE_ARABLE 100
TERRE_ARABLE 100
TERRE_ARABLE 100
TERRE_ARABLE 100
TERRE_ARABLE 100
TERRE_ARABLE 100
TERRE_ARABLE 100
TERRE_ARABLE 100
TERRE_ARABLE 100
TERRE_ARABLE 100
TERRE_ARABLE 100
FORET 100
FORET 100
# ligne 1
FORET 100
FORET 100
TERRE_ARABLE 100
TERRE_ARABLE 100
TERRE_ARABLE 100
TERRE_ARABLE 100
TERRE_ARABLE 100
FORET 100
FORET 100
FORET 100
FORET 100
FORET 100
FORET 100
TERRE_ARABLE 100
TERRE_ARABLE 100
TERRE_ARABLE 100
TERRE_ARABLE 100
TERRE_ARABLE 100
FORET 100
FORET 100
# ligne 2
TERRE_ARABLE 100
TERRE_ARABLE 100
TERRE_ARABLE 100
TERRE_ARABLE 100
TERRE_ARABLE 100
FORET 100
FORET 100
FORET 100
TERRE_ARABLE 100
PATURAGE 100
PATURAGE 100
TERRE_ARABLE 100
FORET 100
FORET 100
FORET 100
TERRE_ARABLE 100
TERRE_ARABLE 100
TERRE_ARABLE 100
TERRE_ARABLE 100
TERRE_ARABLE 100
# ligne 3
TERRE_ARABLE 100
TERRE_ARABLE 100
TERRE_ARABLE 100
TERRE_ARABLE 100
FORET 100
FORET 100
TERRE_ARABLE 100
TERRE_ARABLE 100
TERRE_ARABLE 100
PATURAGE 100
PATURAGE 100
TERRE_ARABLE 100
TERRE_ARABLE 100
TERRE_ARABLE 100
FORET 100
FORET 100
TERRE_ARABLE 100
TERRE_ARABLE 100
TERRE_ARABLE 100
TERRE_ARABLE 100
# ligne 4
TERRE_ARABLE 100
TERRE_ARABLE 100
TERRE_ARABLE 100
FORET 100
FORET 100
PATURAGE 100
TERRE_ARABLE 100
TERRE_ARABLE 100
PATURAGE 100
PATURAGE 100
PATURAGE 100
PATURAGE 100
TERRE_ARABLE 100
TERRE_ARABLE 100
PATURAGE 100
FORET 100
FORET 100
TERRE_ARABLE 100
TERRE_ARABLE 100
TERRE_ARABLE 100
# ligne 5
TERRE_ARABLE 100
TERRE_ARABLE 100
TERRE_ARABLE 100
FORET 100
TERRE_ARABLE 100
PATURAGE 100
PATURAGE 100
PATURAGE 100
PATURAGE 100
PATURAGE 100
PATURAGE 100
PATURAGE 100
PATURAGE 100
PATURAGE 100
PATURAGE 100
TERRE_ARABLE 100
FORET 100
TERRE_ARABLE 100
TERRE_ARABLE 100
TERRE_ARABLE 100
# ligne 6
TERRE_ARABLE 100
TERRE_ARABLE 100
FORET 100
FORET 100
TERRE_ARABLE 100
TERRE_ARABLE 100
PATURAGE 100
PATURAGE 100
TERRE_ARABLE 100
TERRE_ARABLE 100
TERRE_ARABLE 100
TERRE_ARABLE 100
PATURAGE 100
PATURAGE 100
TERRE_ARABLE 100
TERRE_ARABLE 100
FORET 100
FORET 100
TERRE_ARABLE 100
TERRE_ARABLE 100
# ligne 7
TERRE_ARABLE 100
TERRE_ARABLE 100
FORET 100
TERRE_ARABLE 100
TERRE_ARABLE 100
TERRE_ARABLE 100
PATURAGE 100
TERRE_ARABLE 100
TERRE_ARABLE 100
TERRE_ARABLE 100
TERRE_ARABLE 100
TERRE_ARABLE 100
TERRE_ARABLE 100
PATURAGE 100
TERRE_ARABLE 100
TERRE_ARABLE 100
TERRE_ARABLE 100
FORET 100
TERRE_ARABLE 100
TERRE_ARABLE 100
# ligne 8
TERRE_ARABLE 100
TERRE_ARABLE 100
FORET 100
TERRE_ARABLE 100
TERRE_ARABLE 100
TERRE_ARABLE 100
PATURAGE 100
TERRE_ARABLE 100
TERRE_ARABLE 100
LAC 100
LAC 100
TERRE_ARABLE 100
TERRE_ARABLE 100
PATURAGE 100
TERRE_ARABLE 100
TERRE_ARABLE 100
TERRE_ARABLE 100
FORET 100
TERRE_ARABLE 100
TERRE_ARABLE 100
# ligne 9
TERRE_ARABLE 100
TERRE_ARABLE 100
FORET 100
TERRE_ARABLE 100
TERRE_ARABLE 100
PATURAGE 100
PATURAGE 100
TERRE_ARABLE 100
TERRE_ARABLE 100
LAC 100
LAC 100
TERRE_ARABLE 100
TERRE_ARABLE 100
PATURAGE 100
PATURAGE 100
TERRE_ARABLE 100
TERRE_ARABLE 100
FORET 100
TERRE_ARABLE 100
TERRE_ARABLE 100
# ligne 10
TERRE_ARABLE 100
TERRE_ARABLE 100
FORET 100
PATURAGE 100
PATURAGE 100
PATURAGE 100
PATURAGE 100
PATURAGE 100
TERRE_ARABLE 100
TERRE_ARABLE 100
TERRE_ARABLE 100
TERRE_ARABLE 100
PATURAGE 100
PATURAGE 100
PATURAGE 100
PATURAGE 100
PATURAGE 100
FORET 100
TERRE_ARABLE 100
TERRE_ARABLE 100
# ligne 11
TERRE_ARABLE 100
TERRE_ARABLE 100
FORET 100
PATURAGE 100
PATURAGE 100
FORET 100
FORET 100
FORET 100
FORET 100
FORET 100
FORET 100
FORET 100
FORET 100
FORET 100
FORET 100
PATURAGE 100
PATURAGE 100
FORET 100
TERRE_ARABLE 100
TERRE_ARABLE 100
# ligne 12
TERRE_ARABLE 100
TERRE_ARABLE 100
FORET 100
FORET 100
FORET 100
FORET 100
TERRE_ARABLE 100
TERRE_ARABLE 100
FORET 100
TERRE_ARABLE 100
TERRE_ARABLE 100
FORET 100
TERRE_ARABLE 100
TERRE_ARABLE 100
FORET 100
FORET 100
FORET 100
FORET 100
TERRE_ARABLE 100
TERRE_ARABLE 100
# ligne 13
TERRE_ARABLE 100
TERRE_ARABLE 100
TERRE_ARABLE 100
FORET 100
FORET 100
TERRE_ARABLE 100
TERRE_ARABLE 100
TERRE_ARABLE 100
FORET 100
TERRE_ARABLE 100
TERRE_ARABLE 100
FORET 100
TERRE_ARABLE 100
TERRE_ARABLE 100
TERRE_ARABLE 100
FORET 100
FORET 100
TERRE_ARABLE 100
TERRE_ARABLE 100
TERRE_ARABLE 100
# ligne 14
TERRE_ARABLE 100
TERRE_ARABLE 100
TERRE_ARABLE 100
TERRE_ARABLE 100
FORET 100
TERRE_ARABLE 100
TERRE_ARABLE 100
TERRE_ARABLE 100
TERRE_ARABLE 100
TERRE_ARABLE 100
TERRE_ARABLE 100
TERRE_ARABLE 100
TERRE_ARABLE 100
TERRE_ARABLE 100
TERRE_ARABLE 100
FORET 100
TERRE_ARABLE 100
TERRE_ARABLE 100
TERRE_ARABLE 100
TERRE_ARABLE 100
# ligne 15
TERRE_ARABLE 100
TERRE_ARABLE 100
TERRE_ARABLE 100
TERRE_ARABLE 100
FORET 100
FORET 100
TERRE_ARABLE 100
TERRE_ARABLE 100
TERRE_ARABLE 100
TERRE_ARABLE 100
TERRE_ARABLE 100
TERRE_ARABLE 100
TERRE_ARABLE 100
TERRE_ARABLE 100
FORET 100
FORET 100
TERRE_ARABLE 100
TERRE_ARABLE 100
TERRE_ARABLE 100
TERRE_ARABLE 100
# ligne 16
TERRE_ARABLE 100
TERRE_ARABLE 100
TERRE_ARABLE 100
TERRE_ARABLE 100
TERRE_ARABLE 100
FORET 100
FORET 100
FORET 100
FORET 100
FORET 100
FORET 100
FORET 100
FORET 100
FORET 100
FORET 100
TERRE_ARABLE 100
TERRE_ARABLE 100
TERRE_ARABLE 100
TERRE_ARABLE 100
TERRE_ARABLE 100
# ligne 17
TERRE_ARABLE 100
TERRE_ARABLE 100
TERRE_ARABLE 100
TERRE_ARABLE 100
TERRE_ARABLE 100
TERRE_ARABLE 100
TERRE_ARABLE 100
TERRE_ARABLE 100
TERRE_ARABLE 100
TERRE_ARABLE 100
TERRE_ARABLE 100
TERRE_ARABLE 100
TERRE_ARABLE 100
TERRE_ARABLE 100
TERRE_ARABLE 100
TERRE_ARABLE 100
TERRE_ARABLE 100
TERRE_ARABLE 100
TERRE_ARABLE 100
TERRE_ARABLE 100
# ligne 18
FORET 100
FORET 100
TERRE_ARABLE 100
TERRE_ARABLE 100
TERRE_ARABLE 100
TERRE_ARABLE 100
TERRE_ARABLE 100
TERRE_ARABLE 100
TERRE_ARABLE 100
TERRE_ARABLE 100
TERRE_ARABLE 100
TERRE_ARABLE 100
TERRE_ARABLE 100
TERRE_ARABLE 100
TERRE_ARABLE 100
TERRE_ARABLE 100
TERRE_ARABLE 100
TERRE_ARABLE 100
FORET 100
FORET 100
# ligne 19
FORET 100
FORET 100
TERRE_ARABLE 100
TERRE_ARABLE 100
TERRE_ARABLE 100
TERRE_ARABLE 100
TERRE_ARABLE 100
TERRE_ARABLE 100
TERRE_ARABLE 100
TERRE_ARABLE 100
TERRE_ARABLE 100
TERRE_ARABLE 100
TERRE_ARABLE 100
TERRE_ARABLE 100
TERRE_ARABLE 100
TERRE_ARABLE 100
TERRE_ARABLE 100
TERRE_ARABLE 100
FORET 100
FORET 100

# Robots
4
7 8 ROUES
7 9 DRONE
7 10 PATTES
7 11 CHENILLES

# Incendies
16
0 0 1
0 1 1
0 18 2
0 19 2
1 0 1
1 1 1
1 18 2
1 19 2
18 0 5
18 1 5
18 18 4
18 19 4
19 0 5
19 1 5
19 18 4
19 19 4
